Flutter assets will be downloaded from https://storage.flutter-io.cn. Make sure you trust this source!
Resolving dependencies...
Downloading packages...
  matcher 0.12.19 (0.12.20 available)
  material_color_utilities 0.13.0 (0.13.1 available)
  meta 1.18.0 (1.19.0 available)
  test_api 0.7.11 (0.7.13 available)
  vector_math 2.2.0 (2.4.2 available)
Got dependencies!
5 packages have newer versions incompatible with dependency constraints.
Try `flutter pub outdated` for more information.
00:00 +0: loading C:/giwifi_ua_switcher/test/aes_crypto_test.dart
00:00 +0: C:/giwifi_ua_switcher/test/aes_crypto_test.dart: AES-CBC + ZeroPadding 与 CryptoJS 参考实现对拍一致
00:00 +1: C:/giwifi_ua_switcher/test/auth_flow_test.dart: 完整链路：表单构建 + 加密与参考实现对拍一致
00:00 +2: C:/giwifi_ua_switcher/test/aes_crypto_test.dart: 长度恰为 16 字节整数倍时不追加填充块
00:00 +3: C:/giwifi_ua_switcher/test/aes_crypto_test.dart: 长度不足 16 字节时补零到 16 字节
00:00 +4: C:/giwifi_ua_switcher/test/aes_crypto_test.dart: 中文按 UTF-8 字节加密
00:00 +5: C:/giwifi_ua_switcher/test/form_builder_test.dart: parseHiddenInputs 提取 hidden input 并忽略其他 input
00:00 +6: C:/giwifi_ua_switcher/test/form_builder_test.dart: buildFormString 按全部字段固定顺序百分号编码
00:00 +7: C:/giwifi_ua_switcher/test/form_builder_test.dart: 空值字段保留 key= 形式
00:00 +8: C:/giwifi_ua_switcher/test/form_builder_test.dart: 字段顺序与门户页一致
00:00 +9: C:/giwifi_ua_switcher/test/screenshot_test.dart: (setUpAll)
00:00 +9: C:/giwifi_ua_switcher/test/screenshot_test.dart: 桌面窗口截图（含在线检测提示）
00:02 +10: C:/giwifi_ua_switcher/test/screenshot_test.dart: 桌面窗口截图（含在线检测提示）
00:02 +11: C:/giwifi_ua_switcher/test/widget_test.dart: 在线检测：无网络时给出友好提示
00:02 +12: C:/giwifi_ua_switcher/test/screenshot_test.dart: 手机窗口截图（自定义 UA 面板展开）
00:02 +13: C:/giwifi_ua_switcher/test/screenshot_test.dart: (tearDownAll)
00:02 +13: All tests passed!
